[demos.jeweltheme.com/courseware/index.html]
[backblue.gif]
[fade.gif]
[index.html]
[demos.jeweltheme.com/courseware/images/favicon.png]
[demos.jeweltheme.com/courseware/images/favicon-300x300.png]
[demos.jeweltheme.com/courseware/assets/css/font-awesome.min.css]
[demos.jeweltheme.com/courseware/assets/css/simple-line-icons.css]
[demos.jeweltheme.com/courseware/assets/css/bootstrap.min.css]
[demos.jeweltheme.com/courseware/assets/css/owl.carousel.min.css]
[demos.jeweltheme.com/courseware/assets/css/timeTo.css]
[demos.jeweltheme.com/courseware/assets/css/style.css]
[demos.jeweltheme.com/courseware/assets/css/responsive.css]
[demos.jeweltheme.com/courseware/images/shop/1.jpg]
[demos.jeweltheme.com/courseware/images/shop/2.jpg]
[demos.jeweltheme.com/courseware/cart.html]
[demos.jeweltheme.com/courseware/checkout.html]
[demos.jeweltheme.com/courseware/index-2.html]
[demos.jeweltheme.com/courseware/images/logo.png]
[demos.jeweltheme.com/courseware/index-02.html]
[demos.jeweltheme.com/courseware/index-03.html]
[demos.jeweltheme.com/courseware/index-04.html]
[demos.jeweltheme.com/courseware/courses.html]
[demos.jeweltheme.com/courseware/course-single-01.html]
[demos.jeweltheme.com/courseware/course-single-02.html]
[demos.jeweltheme.com/courseware/instructors.html]
[demos.jeweltheme.com/courseware/instructor-single.html]
[demos.jeweltheme.com/courseware/blog.html]
[demos.jeweltheme.com/courseware/single.html]
[demos.jeweltheme.com/courseware/404.html]
[demos.jeweltheme.com/courseware/about.html]
[demos.jeweltheme.com/courseware/coming-soon.html]
[demos.jeweltheme.com/courseware/contact.html]
[demos.jeweltheme.com/courseware/events.html]
[demos.jeweltheme.com/courseware/event-details.html]
[demos.jeweltheme.com/courseware/faq.html]
[demos.jeweltheme.com/courseware/portfolio.html]
[demos.jeweltheme.com/courseware/portfolio-single.html]
[demos.jeweltheme.com/courseware/login.html]
[demos.jeweltheme.com/courseware/register.html]
[demos.jeweltheme.com/courseware/shop.html]
[demos.jeweltheme.com/courseware/shop-single.html]
[demos.jeweltheme.com/courseware/images/banner/1.jpg]
[demos.jeweltheme.com/courseware/images/popular/1.jpg]
[demos.jeweltheme.com/courseware/images/avatar/1.png]
[demos.jeweltheme.com/courseware/images/popular/2.jpg]
[demos.jeweltheme.com/courseware/images/avatar/2.png]
[demos.jeweltheme.com/courseware/images/popular/3.jpg]
[demos.jeweltheme.com/courseware/images/avatar/3.png]
[demos.jeweltheme.com/courseware/images/popular/4.jpg]
[demos.jeweltheme.com/courseware/images/avatar/4.png]
[demos.jeweltheme.com/courseware/images/popular/7.jpg]
[demos.jeweltheme.com/courseware/images/bg1.jpg]
[demos.jeweltheme.com/courseware/images/category/1.jpg]
[demos.jeweltheme.com/courseware/images/category/2.jpg]
[demos.jeweltheme.com/courseware/images/category/3.jpg]
[demos.jeweltheme.com/courseware/images/category/4.jpg]
[demos.jeweltheme.com/courseware/images/category/5.jpg]
[demos.jeweltheme.com/courseware/images/category/6.jpg]
[demos.jeweltheme.com/courseware/images/category/7.jpg]
[demos.jeweltheme.com/courseware/images/category/8.jpg]
[demos.jeweltheme.com/courseware/images/category/9.jpg]
[demos.jeweltheme.com/courseware/images/category/10.jpg]
[demos.jeweltheme.com/courseware/images/bg2.jpg]
[demos.jeweltheme.com/courseware/images/event/1.jpg]
[demos.jeweltheme.com/courseware/images/event/2.jpg]
[demos.jeweltheme.com/courseware/images/posts/1.jpg]
[demos.jeweltheme.com/courseware/images/posts/2.jpg]
[demos.jeweltheme.com/courseware/images/posts/3.jpg]
[demos.jeweltheme.com/courseware/images/avatar/5.png]
[demos.jeweltheme.com/courseware/images/avatar/6.png]
[demos.jeweltheme.com/courseware/images/avatar/7.png]
[demos.jeweltheme.com/courseware/images/logo2.png]
[demos.jeweltheme.com/courseware/images/footer/1.jpg]
[demos.jeweltheme.com/courseware/images/footer/2.jpg]
[demos.jeweltheme.com/courseware/images/footer/3.jpg]
[demos.jeweltheme.com/cdn-cgi/scripts/5c5dd728/cloudflare-static/email-decode.min.js]
[demos.jeweltheme.com/courseware/assets/js/jquery-3.3.1.min.js]
[demos.jeweltheme.com/courseware/assets/js/plugins.js]
[demos.jeweltheme.com/courseware/index.html]
[demos.jeweltheme.com/courseware/assets/js/main.js]
[demos.jeweltheme.com/courseware/assets/fonts/fa-brands-400.eot]
[demos.jeweltheme.com/courseware/assets/fonts/fa-brands-400d41d.eot]
[demos.jeweltheme.com/courseware/assets/fonts/fa-brands-400.woff]
[demos.jeweltheme.com/courseware/assets/fonts/fa-brands-400.ttf]
[demos.jeweltheme.com/courseware/assets/fonts/fa-brands-400.svg]
[demos.jeweltheme.com/courseware/assets/fonts/fa-regular-400.eot]
[demos.jeweltheme.com/courseware/assets/fonts/fa-regular-400d41d.eot]
[demos.jeweltheme.com/courseware/assets/fonts/fa-regular-400.woff]
[demos.jeweltheme.com/courseware/assets/fonts/fa-regular-400.ttf]
[demos.jeweltheme.com/courseware/assets/fonts/fa-regular-400.svg]
[demos.jeweltheme.com/courseware/assets/fonts/fa-solid-900.eot]
[demos.jeweltheme.com/courseware/assets/fonts/fa-solid-900d41d.eot]
[demos.jeweltheme.com/courseware/assets/fonts/fa-solid-900.woff]
[demos.jeweltheme.com/courseware/assets/fonts/fa-solid-900.ttf]
[demos.jeweltheme.com/courseware/assets/fonts/fa-solid-900.svg]
[demos.jeweltheme.com/courseware/assets/css/font-awesome.min.css]
[demos.jeweltheme.com/courseware/assets/fonts/Simple-Line-Iconsb26c.eot]
[demos.jeweltheme.com/courseware/assets/fonts/Simple-Line-Iconsb26c.ttf]
[demos.jeweltheme.com/courseware/assets/fonts/Simple-Line-Iconsb26c.woff]
[demos.jeweltheme.com/courseware/assets/css/simple-line-icons.css]
[demos.jeweltheme.com/courseware/assets/css/bootstrap.min.css]
[demos.jeweltheme.com/courseware/assets/fonts/Simple-Line-Iconsb26c.svg]
[demos.jeweltheme.com/courseware/assets/css/owl.video.play.png]
[demos.jeweltheme.com/courseware/assets/css/owl.carousel.min.css]
[demos.jeweltheme.com/courseware/assets/css/timeTo.css]
[demos.jeweltheme.com/courseware/assets/css/style.css]
[demos.jeweltheme.com/courseware/assets/css/responsive.css]
[demos.jeweltheme.com/courseware/assets/css/magnific-popup.css]
[demos.jeweltheme.com/courseware/assets/css/selectric.css]
[demos.jeweltheme.com/courseware/assets/css/woocommerce.css]
[demos.jeweltheme.com/courseware/images/breadcrumb.jpg]
[demos.jeweltheme.com/courseware/images/shop/3.jpg]
[demos.jeweltheme.com/courseware/images/shop/5.jpg]
[demos.jeweltheme.com/courseware/assets/js/jquery.selectric.js]
[demos.jeweltheme.com/courseware/cart.html]
[demos.jeweltheme.com/courseware/checkout.html]
[demos.jeweltheme.com/courseware/index-2.html]
[demos.jeweltheme.com/courseware/assets/js/jquery-ui.min.js]
[demos.jeweltheme.com/courseware/images/banner/2.jpg]
[demos.jeweltheme.com/courseware/images/popular/5.jpg]
[demos.jeweltheme.com/courseware/images/popular/6.jpg]
[demos.jeweltheme.com/courseware/images/popular/8.jpg]
[demos.jeweltheme.com/courseware/images/popular/9.jpg]
[demos.jeweltheme.com/courseware/images/popular/10.jpg]
[demos.jeweltheme.com/courseware/images/popular/11.jpg]
[demos.jeweltheme.com/courseware/images/popular/12.jpg]
[demos.jeweltheme.com/courseware/images/popular/13.jpg]
[demos.jeweltheme.com/courseware/images/popular/14.jpg]
[demos.jeweltheme.com/courseware/images/popular/15.jpg]
[demos.jeweltheme.com/courseware/images/popular/16.jpg]
[demos.jeweltheme.com/courseware/index-02.html]
[demos.jeweltheme.com/courseware/images/banner/3.jpg]
[demos.jeweltheme.com/courseware/images/top/1.jpg]
[demos.jeweltheme.com/courseware/images/top/2.jpg]
[demos.jeweltheme.com/courseware/images/top/3.jpg]
[demos.jeweltheme.com/courseware/images/top/4.jpg]
[demos.jeweltheme.com/courseware/index-03.html]
[demos.jeweltheme.com/courseware/images/banner/4.jpg]
[demos.jeweltheme.com/courseware/images/welcome.jpg]
[demos.jeweltheme.com/courseware/images/admission.jpg]
[demos.jeweltheme.com/courseware/images/posts/14.jpg]
[demos.jeweltheme.com/courseware/images/posts/15.jpg]
[demos.jeweltheme.com/courseware/images/video.jpg]
[demos.jeweltheme.com/courseware/images/sc.jpg]
[demos.jeweltheme.com/courseware/index-04.html]
[demos.jeweltheme.com/courseware/courses.html]
[demos.jeweltheme.com/courseware/images/single.jpg]
[demos.jeweltheme.com/courseware/images/au.jpg]
[demos.jeweltheme.com/courseware/images/comments/1.jpg]
[demos.jeweltheme.com/courseware/images/comments/2.jpg]
[demos.jeweltheme.com/courseware/images/comments/3.jpg]
[demos.jeweltheme.com/courseware/course-single-01.html]
[demos.jeweltheme.com/courseware/course-single-02.html]
[demos.jeweltheme.com/courseware/images/speakers/1.jpg]
[demos.jeweltheme.com/courseware/images/speakers/2.jpg]
[demos.jeweltheme.com/courseware/images/speakers/3.jpg]
[demos.jeweltheme.com/courseware/images/speakers/4.jpg]
[demos.jeweltheme.com/courseware/images/speakers/5.jpg]
[demos.jeweltheme.com/courseware/images/speakers/6.jpg]
[demos.jeweltheme.com/courseware/images/speakers/7.jpg]
[demos.jeweltheme.com/courseware/images/speakers/8.jpg]
[demos.jeweltheme.com/courseware/instructors.html]
[demos.jeweltheme.com/courseware/instructor-single.html]
[demos.jeweltheme.com/courseware/images/posts/6.jpg]
[demos.jeweltheme.com/courseware/images/posts/7.jpg]
[demos.jeweltheme.com/courseware/images/posts/8.jpg]
[demos.jeweltheme.com/courseware/images/posts/9.jpg]
[demos.jeweltheme.com/courseware/images/posts/10.jpg]
[demos.jeweltheme.com/courseware/images/posts/11.jpg]
[demos.jeweltheme.com/courseware/images/widget/1.jpg]
[demos.jeweltheme.com/courseware/images/widget/2.jpg]
[demos.jeweltheme.com/courseware/images/widget/3.jpg]
[demos.jeweltheme.com/courseware/images/insta/1.jpg]
[demos.jeweltheme.com/courseware/images/insta/2.jpg]
[demos.jeweltheme.com/courseware/images/insta/3.jpg]
[demos.jeweltheme.com/courseware/images/insta/4.jpg]
[demos.jeweltheme.com/courseware/images/insta/5.jpg]
[demos.jeweltheme.com/courseware/images/insta/6.jpg]
[demos.jeweltheme.com/courseware/images/insta/7.jpg]
[demos.jeweltheme.com/courseware/images/insta/8.jpg]
[demos.jeweltheme.com/courseware/images/insta/9.jpg]
[demos.jeweltheme.com/courseware/blog.html]
[demos.jeweltheme.com/courseware/images/posts/12.jpg]
[demos.jeweltheme.com/courseware/images/posts/13.jpg]
[demos.jeweltheme.com/courseware/images/comments/4.jpg]
[demos.jeweltheme.com/courseware/single.html]
[demos.jeweltheme.com/courseware/404.html]
[demos.jeweltheme.com/courseware/images/about.jpg]
[demos.jeweltheme.com/courseware/images/ab-bg.jpg]
[demos.jeweltheme.com/courseware/images/member/1.png]
[demos.jeweltheme.com/courseware/images/member/2.png]
[demos.jeweltheme.com/courseware/images/member/3.png]
[demos.jeweltheme.com/courseware/images/member/4.png]
[demos.jeweltheme.com/courseware/images/member/5.png]
[demos.jeweltheme.com/courseware/images/member/6.png]
[demos.jeweltheme.com/courseware/images/member/7.png]
[demos.jeweltheme.com/courseware/images/member/8.png]
[demos.jeweltheme.com/courseware/about.html]
[demos.jeweltheme.com/courseware/coming-soon.html]
[demos.jeweltheme.com/courseware/contact.html]
[demos.jeweltheme.com/courseware/images/event/3.jpg]
[demos.jeweltheme.com/courseware/images/event/4.jpg]
[demos.jeweltheme.com/courseware/images/event/5.jpg]
[demos.jeweltheme.com/courseware/images/event/6.jpg]
[demos.jeweltheme.com/courseware/images/event/7.jpg]
[demos.jeweltheme.com/courseware/images/event/8.jpg]
[demos.jeweltheme.com/courseware/events.html]
[demos.jeweltheme.com/courseware/event-details.html]
[demos.jeweltheme.com/courseware/faq.html]
[demos.jeweltheme.com/courseware/images/portfolio/1.jpg]
[demos.jeweltheme.com/courseware/images/portfolio/2.jpg]
[demos.jeweltheme.com/courseware/images/portfolio/3.jpg]
[demos.jeweltheme.com/courseware/images/portfolio/4.jpg]
[demos.jeweltheme.com/courseware/images/portfolio/5.jpg]
[demos.jeweltheme.com/courseware/images/portfolio/6.jpg]
[demos.jeweltheme.com/courseware/images/portfolio/7.jpg]
[demos.jeweltheme.com/courseware/images/portfolio/8.jpg]
[demos.jeweltheme.com/courseware/images/portfolio/9.jpg]
[demos.jeweltheme.com/courseware/portfolio.html]
[demos.jeweltheme.com/courseware/images/portfolio/single.jpg]
[demos.jeweltheme.com/courseware/portfolio-single.html]
[demos.jeweltheme.com/courseware/login.html]
[demos.jeweltheme.com/courseware/register.html]
[demos.jeweltheme.com/courseware/images/shop/4.jpg]
[demos.jeweltheme.com/courseware/images/shop/6.jpg]
[demos.jeweltheme.com/courseware/images/shop/7.jpg]
[demos.jeweltheme.com/courseware/images/shop/8.jpg]
[demos.jeweltheme.com/courseware/images/shop/9.jpg]
[demos.jeweltheme.com/courseware/shop.html]
[demos.jeweltheme.com/courseware/images/shop/single.jpg]
[demos.jeweltheme.com/courseware/images/shop/single2.jpg]
[demos.jeweltheme.com/courseware/images/shop/single3.jpg]
[demos.jeweltheme.com/courseware/images/shop/st1.jpg]
[demos.jeweltheme.com/courseware/images/shop/st2.jpg]
[demos.jeweltheme.com/courseware/images/shop/st3.jpg]
[demos.jeweltheme.com/courseware/shop-single.html]
[demos.jeweltheme.com/courseware/assets/fonts/fa-brands-400.html]
[demos.jeweltheme.com/courseware/assets/fonts/fa-brands-401.html]
[demos.jeweltheme.com/courseware/assets/fonts/fa-regular-400.html]
[demos.jeweltheme.com/courseware/assets/fonts/fa-regular-401.html]
[demos.jeweltheme.com/courseware/assets/fonts/fa-solid-900.html]
[demos.jeweltheme.com/courseware/assets/fonts/fa-solid-901.html]
[demos.jeweltheme.com/courseware/assets/fonts/Simple-Line-Iconsb26c.html]
[demos.jeweltheme.com/courseware/assets/fonts/Simple-Line-Iconsb26c.svg]
[demos.jeweltheme.com/courseware/assets/css/magnific-popup.css]
[demos.jeweltheme.com/courseware/assets/css/selectric.css]
[demos.jeweltheme.com/courseware/assets/css/woocommerce.css]
